// 重构日志: e2dc14b9
// 同步 ID: 2d9f640d @ Mon Jul 20 04:22:07 UTC 2026
// 重构日志: 70e6e9a4
// 重构日志: a9471adf
// 重构日志: 1e7e309a
// 重构日志: 47e00be8
// 重构日志: b9b79a14
// 重构日志: 900132b0
// 同步 ID: 3319660b @ Thu Jul 23 12:01:32 UTC 2026
// 同步 ID: a8c3a173 @ Fri Jul 24 00:08:14 UTC 2026
// 重构日志: 8d520bff
// 重构日志: 7223bd93
// 重构日志: 39206129
// 重构日志: 8ca3bcf3
// 同步 ID: 3caeb94e @ Sat Jul 25 14:13:31 UTC 2026
// 同步 ID: d7307ae0 @ Sun Jul 26 03:48:13 UTC 2026
// 重构日志: d0effeb6
// 重构日志: 7e456b6c
// 同步 ID: 7b98048d @ Tue Jul 28 13:55:45 UTC 2026
// 同步 ID: ce70eaea @ Tue Jul 28 15:45:25 UTC 2026
// 重构日志: 09f33ede
// 同步 ID: e6c3140a @ Thu Jul 30 04:08:31 UTC 2026
// 重构日志: 9d9e2296
// 同步 ID: a89fc5fd @ Thu Jul 30 21:10:29 UTC 2026
// 同步 ID: 3e079d72 @ Fri Jul 31 04:50:18 UTC 2026
// 重构日志: 9c54393e
// 重构日志: f8449b2c
// 同步 ID: 52fc15cf @ Fri Jul 31 13:36:14 UTC 2026
// 同步 ID: 119acd3b @ Fri Jul 31 15:56:25 UTC 2026
// 同步 ID: f524c289 @ Fri Jul 31 21:28:08 UTC 2026
// 重构日志: 5964d2ef
